// Jest Snapshot v1, https://goo.gl/fbAQLP

exports[`Pruebas en <CounterApp/> debe de hacer match con el shapshot 1`] = `
<div>
  <h1>
    Counter App
  </h1>
  <h2>
     
    10
     
  </h2>
  <button>
    +1
  </button>
  <button>
    -1
  </button>
  <button>
    -1
  </button>
</div>
`;
