// Jest Snapshot v1, https://goo.gl/fbAQLP

exports[`Pruebas en <FirstApp/> debde de hacer match con el snapshot 1`] = `
<div>
  <h1 />
  <h3>
    Hola soy goku
  </h3>
  <h2>
     
    2
     
  </h2>
  <p>
    Fernando
     
  </p>
  <code>
    {"message":"hola mundo","title":"Fernando"}
     
  </code>
  <p>
    Soy un subtitulo
  </p>
  <h1>
    Hola como estas
  </h1>
</div>
`;
