// Jest Snapshot v1, https://goo.gl/fbAQLP

exports[`Pruebas en <GifItem/> debe de hacer match con el shapshot 1`] = `
<div>
  <div
    class="card"
  >
    <img
      alt="ateez"
      src="https://one-punch.com/ateez.jpg"
    />
    <p>
      ateez
    </p>
  </div>
</div>
`;
